// Jest Snapshot v1, https://goo.gl/fbAQLP

exports[`When running rsk in the command line When store.js does not already exist setup-store command should create store.js and match the snapshot 1`] = `
"import { createStore, combineReducers } from \\"redux\\";
import reducers from \\"./store\\";

const rootReducer = combineReducers(reducers);

const store = createStore(
  rootReducer,
  window.__REDUX_DEVTOOLS_EXTENSION__ && window.__REDUX_DEVTOOLS_EXTENSION__()
);

export default store;
"
`;

exports[`When running rsk in the command line When store.js does not already exist setup-store should create reducer/index.js and match the snapshot 1`] = `"export default {}"`;
